// Jest Snapshot v1, https://goo.gl/fbAQLP

exports[`App SnapShot 1`] = `
Array [
  <div
    data-test="div1"
  >
    div1
  </div>,
  <div>
    uuuull
  </div>,
  <h2>
    a2aaaa
  </h2>,
]
`;
